IOException
Throwable
AWTError
AWTException
AbstractMethodError
AccessControlException
AccessException
AccountException
AccountExpiredException
AccountLockedException
AccountNotFoundException
AclNotFoundException
ActivateFailedException
ActivationException
ActivityCompletedException
ActivityRequiredException
AlreadyBoundException
AlreadyConnectedException
AnnotationFormatError
AnnotationTypeMismatchException
ApplicationException
ArithmeticException
ArrayIndexOutOfBoundsException
ArrayStoreException
AssertionError
AsynchronousCloseException
AttributeException
AttributeInUseException
AttributeModificationException
AttributeNotFoundException
AuthenticationException
AuthenticationNotSupportedException
BackingStoreException
BadAttributeValueExpException
BadBinaryOpValueExpException
BadLocationException
BadPaddingException
BadStringOperationException
BatchUpdateException
BindException
BrokenBarrierException
BufferOverflowException
BufferUnderflowException
CMMException
CRLException
CancellationException
CancelledKeyException
CannotProceedException
CannotRedoException
CannotUndoException
CertPathBuilderException
CertPathValidatorException
CertStoreException
CertificateEncodingException
CertificateException
CertificateExpiredException
CertificateNotYetValidException
CertificateParsingException
ChangedCharSetException
CharConversionException
CharacterCodingException
ClassCastException
ClassCircularityError
ClassFormatError
ClassNotFoundException
CloneNotSupportedException
ClosedByInterruptException
ClosedChannelException
ClosedSelectorException
CoderMalfunctionError
CodingErrorAction
CommunicationException
ConcurrentModificationException
ConfigurationException
ConnectException
ConnectIOException
ConnectionPendingException
ContextNotEmptyException
CredentialException
CredentialExpiredException
CredentialNotFoundException
DOMError
DOMErrorHandler
DOMException
DataFormatException
DatatypeConfigurationException
DestroyFailedException
DigestException
DuplicateFormatFlagsException
EOFException
EmptyStackException
EnumConstantNotPresentException
Error
ErrorHandler
ErrorListener
ErrorManager
ErrorType
EventException
Exception
ExceptionDetailMessage
ExceptionInInitializerError
ExceptionInInitializerError
ExceptionList
ExceptionListener
ExecutionException
ExemptionMechanismException
ExpandVetoException
ExportException
FactoryConfigurationError
FailedLoginException
FileLockInterruptionException
FileNotFoundException
FilerException
FlavorException
FontFormatException
FormatFlagsConversionMismatchException
FormatterClosedException
GSSException
GeneralSecurityException
GenericSignatureFormatError
HTTPException
HeadlessException
HttpRetryException
IIOException
IIOInvalidTreeException
IOError
IllegalAccessError
IllegalAccessException
IllegalArgumentException
IllegalBlockSizeException
IllegalBlockingModeException
IllegalCharsetNameException
IllegalClassFormatException
IllegalComponentStateException
IllegalFormatCodePointException
IllegalFormatConversionException
IllegalFormatException
IllegalFormatFlagsException
IllegalFormatPrecisionException
IllegalFormatWidthException
IllegalMonitorStateException
IllegalPathStateException
IllegalSelectorException
IllegalStateException
IllegalThreadStateException
ImagingOpException
IncompatibleClassChangeError
IncompleteAnnotationException
IndexOutOfBoundsException
IndirectionException
InputMismatchException
InstanceAlreadyExistsException
InstanceNotFoundException
InstantiationError
InstantiationException
InsufficientResourcesException
InternalError
InterruptedException
InterruptedIOException
InterruptedNamingException
IntrospectionException
InvalidActivityException
InvalidAlgorithmParameterException
InvalidApplicationException
InvalidAttributeIdentifierException
InvalidAttributeValueException
InvalidAttributesException
InvalidClassException
InvalidDnDOperationException
InvalidKeyException
InvalidKeySpecException
InvalidMarkException
InvalidMidiDataException
InvalidNameException
InvalidObjectException
InvalidOpenTypeException
InvalidParameterException
InvalidParameterSpecException
InvalidPreferencesFormatException
InvalidPropertiesFormatException
InvalidRelationIdException
InvalidRelationServiceException
InvalidRelationTypeException
InvalidRoleInfoException
InvalidRoleValueException
InvalidSearchControlsException
InvalidSearchFilterException
InvalidTargetObjectTypeException
InvalidTransactionException
InvocationTargetException
JAXBException
JMException
JMRuntimeException
JMXProviderException
JMXServerErrorException
JMXServerErrorException
JarException
KeyAlreadyExistsException
KeyException
KeyManagementException
KeySelectorException
KeyStoreException
LSException
LastOwnerException
LdapReferralException
LimitExceededException
LineUnavailableException
LinkException
LinkLoopException
LinkageError
ListenerNotFoundException
LoginException
MBeanException
MBeanRegistrationException
MalformedInputException
MalformedLinkException
MalformedObjectNameException
MalformedParameterizedTypeException
MalformedURLException
MarshalException
MidiUnavailableException
MimeTypeParseException
MirroredTypeException
MirroredTypesException
MissingFormatArgumentException
MissingFormatWidthException
MissingResourceException
MonitorSettingException
NameAlreadyBoundException
NameNotFoundException
NamingException
NamingExceptionEvent
NamingSecurityException
NegativeArraySizeException
NoClassDefFoundError
NoConnectionPendingException
NoInitialContextException
NoPermissionException
NoRouteToHostException
NoSuchAlgorithmException
NoSuchAttributeException
NoSuchElementException
NoSuchFieldError
NoSuchFieldException
NoSuchMechanismException
NoSuchMethodError
NoSuchMethodException
NoSuchObjectException
NoSuchPaddingException
NoSuchProviderException
NonReadableChannelException
NonWritableChannelException
NoninvertibleTransformException
NotActiveException
NotBoundException
NotCompliantMBeanException
NotContextException
NotOwnerException
NotSerializableException
NotYetBoundException
NotYetConnectedException
NullPointerException
NumberFormatException
ObjectStreamException
OpenDataException
OperationNotSupportedException
OperationsException
OptionalDataException
OutOfMemoryError
OverlappingFileLockException
ParseException
ParserConfigurationException
PartialResultException
PatternSyntaxException
PolicyError
PolicyErrorCodeHelper
PolicyErrorHelper
PolicyErrorHolder
PortUnreachableException
PrintException
PrinterAbortException
PrinterException
PrinterIOException
PrivilegedActionException
PrivilegedExceptionAction
ProfileDataException
PropertyException
PropertyVetoException
ProtocolException
ProviderException
RMISecurityException
RasterFormatException
ReadOnlyBufferException
ReferralException
ReflectionException
RefreshFailedException
RejectedExecutionException
RelationException
RelationNotFoundException
RelationServiceNotRegisteredException
RelationTypeNotFoundException
RemarshalException
RemoteException
RoleInfoNotFoundException
RoleNotFoundException
RuntimeErrorException
RuntimeErrorException
RuntimeException
RuntimeMBeanException
RuntimeOperationsException
SAXException
SAXNotRecognizedException
SAXNotSupportedException
SAXParseException
SOAPException
SOAPFaultException
SQLClientInfoException
SQLDataException
SQLException
SQLFeatureNotSupportedException
SQLIntegrityConstraintViolationException
SQLInvalidAuthorizationSpecException
SQLNonTransientConnectionException
SQLNonTransientException
SQLRecoverableException
SQLSyntaxErrorException
SQLSyntaxErrorException
SQLTimeoutException
SQLTransactionRollbackException
SQLTransientConnectionException
SQLTransientException
SSLException
SSLHandshakeException
SSLKeyException
SSLPeerUnverifiedException
SSLProtocolException
SaslException
SchemaViolationException
ScriptException
SecurityException
SerialException
ServerCloneException
ServerError
ServerException
ServerNotActiveException
ServerRuntimeException
ServiceConfigurationError
ServiceNotFoundException
ServiceUnavailableException
ShortBufferException
SignatureException
SizeLimitExceededException
SkeletonMismatchException
SkeletonNotFoundException
SocketException
SocketSecurityException
SocketTimeoutException
StackOverflowError
StreamCorruptedException
StringIndexOutOfBoundsException
StubNotFoundException
SyncFactoryException
SyncFailedException
SyncProviderException
SystemException
Thread.UncaughtExceptionHandler
TimeLimitExceededException
TimeoutException
TooManyListenersException
TransactionRequiredException
TransactionRolledbackException
TransformException
TransformerConfigurationException
TransformerException
TransformerFactoryConfigurationError
TypeConstraintException
TypeNotPresentException
URIException
URIReferenceException
URISyntaxException
UTFDataFormatException
UndeclaredThrowableException
UnexpectedException
UnknownAnnotationValueException
UnknownElementException
UnknownError
UnknownException
UnknownFormatConversionException
UnknownFormatFlagsException
UnknownGroupException
UnknownHostException
UnknownObjectException
UnknownServiceException
UnknownTypeException
UnknownUserException
UnknownUserExceptionHelper
UnknownUserExceptionHolder
UnmappableCharacterException
UnmarshalException
UnmodifiableClassException
UnmodifiableSetException
UnrecoverableEntryException
UnrecoverableKeyException
UnresolvedAddressException
UnsatisfiedLinkError
UnsupportedAddressTypeException
UnsupportedAudioFileException
UnsupportedCallbackException
UnsupportedCharsetException
UnsupportedClassVersionError
UnsupportedDataTypeException
UnsupportedEncodingException
UnsupportedFlavorException
UnsupportedLookAndFeelException
UnsupportedOperationException
UserException
ValidationException
VerifyError
VirtualMachineError
WebServiceException
WriteAbortedException
XAException
XMLParseException
XMLSignatureException
XMLStreamException
XPathException
XPathExpressionException
XPathFactoryConfigurationException
XPathFunctionException
ZipError
ZipException
